// Jest Snapshot v1, https://goo.gl/fbAQLP

exports[`NavBar Test onClick buttons 1`] = `
Object {
  "asFragment": [Function],
  "baseElement": <body>
    <div>
      <div
        class="sc-bcXHqe MBEGz"
      >
        <nav
          class="sc-eDvSVe imlKEo"
          data-testid="navbar-test"
        >
          <img
            alt=""
            src="/logo.svg"
            width="50"
          />
          <div
            class="sc-jSUZER jPAoVo"
          >
            <div
              class="sc-gswNZR"
            >
              <input
                checked=""
                class="sc-hLBbgP dYsohK"
                data-testid="navbar-switch-test"
                hidden=""
                id="switch"
                type="checkbox"
              />
              <label
                class="sc-dkrFOg eZboOX"
                for="switch"
              />
            </div>
            <ul
              class="sc-gKPRtg eeATmd"
            >
              <li
                class="sc-iBYQkv dXEyZH"
              >
                <a
                  href="/dashboard"
                >
                  Home
                </a>
              </li>
              <li
                class="sc-iBYQkv dXEyZH"
              >
                <a
                  href="/leaderboard"
                >
                  Leaderboard
                </a>
              </li>
              <li
                class="sc-iBYQkv dXEyZH"
              >
                <a
                  href="/newpoll"
                >
                  New Poll
                </a>
              </li>
              <li
                class="sc-iBYQkv dXEyZH"
              >
                <button
                  data-testid="navbar-button-logout-test"
                >
                  Logout
                </button>
              </li>
            </ul>
            <button
              class="sc-ftTHYK jRcvZm"
              data-testid="navbar-button-open-test"
            >
              <svg
                fill="currentColor"
                height="1em"
                stroke="currentColor"
                stroke-width="0"
                viewBox="0 0 448 512"
                width="1em"
                xmlns="http://www.w3.org/2000/svg"
              >
                <path
                  d="M16 132h416c8.837 0 16-7.163 16-16V76c0-8.837-7.163-16-16-16H16C7.163 60 0 67.163 0 76v40c0 8.837 7.163 16 16 16zm0 160h416c8.837 0 16-7.163 16-16v-40c0-8.837-7.163-16-16-16H16c-8.837 0-16 7.163-16 16v40c0 8.837 7.163 16 16 16zm0 160h416c8.837 0 16-7.163 16-16v-40c0-8.837-7.163-16-16-16H16c-8.837 0-16 7.163-16 16v40c0 8.837 7.163 16 16 16z"
                />
              </svg>
            </button>
          </div>
        </nav>
      </div>
    </div>
  </body>,
  "container": <div>
    <div
      class="sc-bcXHqe MBEGz"
    >
      <nav
        class="sc-eDvSVe imlKEo"
        data-testid="navbar-test"
      >
        <img
          alt=""
          src="/logo.svg"
          width="50"
        />
        <div
          class="sc-jSUZER jPAoVo"
        >
          <div
            class="sc-gswNZR"
          >
            <input
              checked=""
              class="sc-hLBbgP dYsohK"
              data-testid="navbar-switch-test"
              hidden=""
              id="switch"
              type="checkbox"
            />
            <label
              class="sc-dkrFOg eZboOX"
              for="switch"
            />
          </div>
          <ul
            class="sc-gKPRtg eeATmd"
          >
            <li
              class="sc-iBYQkv dXEyZH"
            >
              <a
                href="/dashboard"
              >
                Home
              </a>
            </li>
            <li
              class="sc-iBYQkv dXEyZH"
            >
              <a
                href="/leaderboard"
              >
                Leaderboard
              </a>
            </li>
            <li
              class="sc-iBYQkv dXEyZH"
            >
              <a
                href="/newpoll"
              >
                New Poll
              </a>
            </li>
            <li
              class="sc-iBYQkv dXEyZH"
            >
              <button
                data-testid="navbar-button-logout-test"
              >
                Logout
              </button>
            </li>
          </ul>
          <button
            class="sc-ftTHYK jRcvZm"
            data-testid="navbar-button-open-test"
          >
            <svg
              fill="currentColor"
              height="1em"
              stroke="currentColor"
              stroke-width="0"
              viewBox="0 0 448 512"
              width="1em"
              xmlns="http://www.w3.org/2000/svg"
            >
              <path
                d="M16 132h416c8.837 0 16-7.163 16-16V76c0-8.837-7.163-16-16-16H16C7.163 60 0 67.163 0 76v40c0 8.837 7.163 16 16 16zm0 160h416c8.837 0 16-7.163 16-16v-40c0-8.837-7.163-16-16-16H16c-8.837 0-16 7.163-16 16v40c0 8.837 7.163 16 16 16zm0 160h416c8.837 0 16-7.163 16-16v-40c0-8.837-7.163-16-16-16H16c-8.837 0-16 7.163-16 16v40c0 8.837 7.163 16 16 16z"
              />
            </svg>
          </button>
        </div>
      </nav>
    </div>
  </div>,
  "debug": [Function],
  "findAllByAltText": [Function],
  "findAllByDisplayValue": [Function],
  "findAllByLabelText": [Function],
  "findAllByPlaceholderText": [Function],
  "findAllByRole": [Function],
  "findAllByTestId": [Function],
  "findAllByText": [Function],
  "findAllByTitle": [Function],
  "findByAltText": [Function],
  "findByDisplayValue": [Function],
  "findByLabelText": [Function],
  "findByPlaceholderText": [Function],
  "findByRole": [Function],
  "findByTestId": [Function],
  "findByText": [Function],
  "findByTitle": [Function],
  "getAllByAltText": [Function],
  "getAllByDisplayValue": [Function],
  "getAllByLabelText": [Function],
  "getAllByPlaceholderText": [Function],
  "getAllByRole": [Function],
  "getAllByTestId": [Function],
  "getAllByText": [Function],
  "getAllByTitle": [Function],
  "getByAltText": [Function],
  "getByDisplayValue": [Function],
  "getByLabelText": [Function],
  "getByPlaceholderText": [Function],
  "getByRole": [Function],
  "getByTestId": [Function],
  "getByText": [Function],
  "getByTitle": [Function],
  "queryAllByAltText": [Function],
  "queryAllByDisplayValue": [Function],
  "queryAllByLabelText": [Function],
  "queryAllByPlaceholderText": [Function],
  "queryAllByRole": [Function],
  "queryAllByTestId": [Function],
  "queryAllByText": [Function],
  "queryAllByTitle": [Function],
  "queryByAltText": [Function],
  "queryByDisplayValue": [Function],
  "queryByLabelText": [Function],
  "queryByPlaceholderText": [Function],
  "queryByRole": [Function],
  "queryByTestId": [Function],
  "queryByText": [Function],
  "queryByTitle": [Function],
  "rerender": [Function],
  "unmount": [Function],
}
`;

exports[`NavBar Testing render on screen 1`] = `
Object {
  "asFragment": [Function],
  "baseElement": <body>
    <div>
      <div
        class="sc-bcXHqe MBEGz"
      >
        <nav
          class="sc-eDvSVe imlKEo"
          data-testid="navbar-test"
        >
          <img
            alt=""
            src="/logo.svg"
            width="50"
          />
          <div
            class="sc-jSUZER jPAoVo"
          >
            <div
              class="sc-gswNZR"
            >
              <input
                checked=""
                class="sc-hLBbgP dYsohK"
                data-testid="navbar-switch-test"
                hidden=""
                id="switch"
                type="checkbox"
              />
              <label
                class="sc-dkrFOg eZboOX"
                for="switch"
              />
            </div>
            <ul
              class="sc-gKPRtg eeATmd"
            >
              <li
                class="sc-iBYQkv dXEyZH"
              >
                <a
                  href="/dashboard"
                >
                  Home
                </a>
              </li>
              <li
                class="sc-iBYQkv dXEyZH"
              >
                <a
                  href="/leaderboard"
                >
                  Leaderboard
                </a>
              </li>
              <li
                class="sc-iBYQkv dXEyZH"
              >
                <a
                  href="/newpoll"
                >
                  New Poll
                </a>
              </li>
              <li
                class="sc-iBYQkv dXEyZH"
              >
                <button
                  data-testid="navbar-button-logout-test"
                >
                  Logout
                </button>
              </li>
            </ul>
            <button
              class="sc-ftTHYK jRcvZm"
              data-testid="navbar-button-open-test"
            >
              <svg
                fill="currentColor"
                height="1em"
                stroke="currentColor"
                stroke-width="0"
                viewBox="0 0 448 512"
                width="1em"
                xmlns="http://www.w3.org/2000/svg"
              >
                <path
                  d="M16 132h416c8.837 0 16-7.163 16-16V76c0-8.837-7.163-16-16-16H16C7.163 60 0 67.163 0 76v40c0 8.837 7.163 16 16 16zm0 160h416c8.837 0 16-7.163 16-16v-40c0-8.837-7.163-16-16-16H16c-8.837 0-16 7.163-16 16v40c0 8.837 7.163 16 16 16zm0 160h416c8.837 0 16-7.163 16-16v-40c0-8.837-7.163-16-16-16H16c-8.837 0-16 7.163-16 16v40c0 8.837 7.163 16 16 16z"
                />
              </svg>
            </button>
          </div>
        </nav>
      </div>
    </div>
  </body>,
  "container": <div>
    <div
      class="sc-bcXHqe MBEGz"
    >
      <nav
        class="sc-eDvSVe imlKEo"
        data-testid="navbar-test"
      >
        <img
          alt=""
          src="/logo.svg"
          width="50"
        />
        <div
          class="sc-jSUZER jPAoVo"
        >
          <div
            class="sc-gswNZR"
          >
            <input
              checked=""
              class="sc-hLBbgP dYsohK"
              data-testid="navbar-switch-test"
              hidden=""
              id="switch"
              type="checkbox"
            />
            <label
              class="sc-dkrFOg eZboOX"
              for="switch"
            />
          </div>
          <ul
            class="sc-gKPRtg eeATmd"
          >
            <li
              class="sc-iBYQkv dXEyZH"
            >
              <a
                href="/dashboard"
              >
                Home
              </a>
            </li>
            <li
              class="sc-iBYQkv dXEyZH"
            >
              <a
                href="/leaderboard"
              >
                Leaderboard
              </a>
            </li>
            <li
              class="sc-iBYQkv dXEyZH"
            >
              <a
                href="/newpoll"
              >
                New Poll
              </a>
            </li>
            <li
              class="sc-iBYQkv dXEyZH"
            >
              <button
                data-testid="navbar-button-logout-test"
              >
                Logout
              </button>
            </li>
          </ul>
          <button
            class="sc-ftTHYK jRcvZm"
            data-testid="navbar-button-open-test"
          >
            <svg
              fill="currentColor"
              height="1em"
              stroke="currentColor"
              stroke-width="0"
              viewBox="0 0 448 512"
              width="1em"
              xmlns="http://www.w3.org/2000/svg"
            >
              <path
                d="M16 132h416c8.837 0 16-7.163 16-16V76c0-8.837-7.163-16-16-16H16C7.163 60 0 67.163 0 76v40c0 8.837 7.163 16 16 16zm0 160h416c8.837 0 16-7.163 16-16v-40c0-8.837-7.163-16-16-16H16c-8.837 0-16 7.163-16 16v40c0 8.837 7.163 16 16 16zm0 160h416c8.837 0 16-7.163 16-16v-40c0-8.837-7.163-16-16-16H16c-8.837 0-16 7.163-16 16v40c0 8.837 7.163 16 16 16z"
              />
            </svg>
          </button>
        </div>
      </nav>
    </div>
  </div>,
  "debug": [Function],
  "findAllByAltText": [Function],
  "findAllByDisplayValue": [Function],
  "findAllByLabelText": [Function],
  "findAllByPlaceholderText": [Function],
  "findAllByRole": [Function],
  "findAllByTestId": [Function],
  "findAllByText": [Function],
  "findAllByTitle": [Function],
  "findByAltText": [Function],
  "findByDisplayValue": [Function],
  "findByLabelText": [Function],
  "findByPlaceholderText": [Function],
  "findByRole": [Function],
  "findByTestId": [Function],
  "findByText": [Function],
  "findByTitle": [Function],
  "getAllByAltText": [Function],
  "getAllByDisplayValue": [Function],
  "getAllByLabelText": [Function],
  "getAllByPlaceholderText": [Function],
  "getAllByRole": [Function],
  "getAllByTestId": [Function],
  "getAllByText": [Function],
  "getAllByTitle": [Function],
  "getByAltText": [Function],
  "getByDisplayValue": [Function],
  "getByLabelText": [Function],
  "getByPlaceholderText": [Function],
  "getByRole": [Function],
  "getByTestId": [Function],
  "getByText": [Function],
  "getByTitle": [Function],
  "queryAllByAltText": [Function],
  "queryAllByDisplayValue": [Function],
  "queryAllByLabelText": [Function],
  "queryAllByPlaceholderText": [Function],
  "queryAllByRole": [Function],
  "queryAllByTestId": [Function],
  "queryAllByText": [Function],
  "queryAllByTitle": [Function],
  "queryByAltText": [Function],
  "queryByDisplayValue": [Function],
  "queryByLabelText": [Function],
  "queryByPlaceholderText": [Function],
  "queryByRole": [Function],
  "queryByTestId": [Function],
  "queryByText": [Function],
  "queryByTitle": [Function],
  "rerender": [Function],
  "unmount": [Function],
}
`;
